2026-05-01 11:56:53,955 - INFO - -- BEGIN Twilio API Request --
2026-05-01 11:56:53,955 - INFO - POST Request: https://api.twilio.com/2010-04-01/Accounts/YOUR_TWILIO_SID_HERE/Messages.json
2026-05-01 11:56:53,955 - INFO - Headers:
2026-05-01 11:56:53,955 - INFO - Content-Type : application/x-www-form-urlencoded
2026-05-01 11:56:53,955 - INFO - Accept : application/json
2026-05-01 11:56:53,955 - INFO - User-Agent : twilio-python/9.10.5 (Windows AMD64) Python/3.10.11
2026-05-01 11:56:53,955 - INFO - X-Twilio-Client : python-9.10.5
2026-05-01 11:56:53,955 - INFO - Accept-Charset : utf-8
2026-05-01 11:56:53,955 - INFO - -- END Twilio API Request --
2026-05-01 11:56:54,460 - INFO - Response Status Code: 401
2026-05-01 11:56:54,460 - INFO - Response Headers: {'Content-Type': 'application/json', 'Content-Length': '134', 'Connection': 'keep-alive', 'Date': 'Fri, 01 May 2026 16:56:54 GMT', 'X-Twilio-Error-Code': '20003', 'Twilio-Request-Id': 'RQ2236f22a0262ccf59acb7d93b564253b', 'Twilio-Request-Duration': '0.004', 'X-Home-Region': 'us1', 'X-API-Domain': 'api.twilio.com', 'Strict-Transport-Security': 'max-age=31536000', 'WWW-Authenticate': 'Basic realm="Twilio API"', 'X-Cache': 'Error from cloudfront', 'Via': '1.1 11937561e31bed8643821214f9ac248c.cloudfront.net (CloudFront)', 'X-Amz-Cf-Pop': 'BOG50-P2', 'X-Amz-Cf-Id': 'YgIXo04qXjwTwNzqYai-mC_M0vktcboNDoGI0CQYXUGwvJwuBCaCiw==', 'X-Powered-By': 'AT-5000', 'X-Shenanigans': 'none', 'Vary': 'Origin'}
2026-05-01 11:56:54,460 - ERROR - Error sending WhatsApp: 
[31m[49mHTTP Error[0m [37m[49mYour request was:[0m

[36m[49mPOST /Accounts/YOUR_TWILIO_SID_HERE/Messages.json[0m

[37m[49mTwilio returned the following information:[0m

[34m[49mUnable to create record: Authentication Error - invalid username[0m

[37m[49mMore information may be available here:[0m

[34m[49mhttps://www.twilio.com/docs/errors/20003[0m


2026-05-01 11:57:31,856 - INFO - -- BEGIN Twilio API Request --
2026-05-01 11:57:31,856 - INFO - POST Request: https://api.twilio.com/2010-04-01/Accounts/YOUR_TWILIO_SID_HERE/Messages.json
2026-05-01 11:57:31,856 - INFO - Headers:
2026-05-01 11:57:31,856 - INFO - Content-Type : application/x-www-form-urlencoded
2026-05-01 11:57:31,856 - INFO - Accept : application/json
2026-05-01 11:57:31,856 - INFO - User-Agent : twilio-python/9.10.5 (Windows AMD64) Python/3.10.11
2026-05-01 11:57:31,856 - INFO - X-Twilio-Client : python-9.10.5
2026-05-01 11:57:31,856 - INFO - Accept-Charset : utf-8
2026-05-01 11:57:31,856 - INFO - -- END Twilio API Request --
2026-05-01 11:57:32,071 - INFO - Response Status Code: 401
2026-05-01 11:57:32,071 - INFO - Response Headers: {'Content-Type': 'application/json', 'Content-Length': '134', 'Connection': 'keep-alive', 'Date': 'Fri, 01 May 2026 16:57:32 GMT', 'X-Twilio-Error-Code': '20003', 'Twilio-Request-Id': 'RQ399e36ed418d48f3e5f16d00e5ee0f3f', 'Twilio-Request-Duration': '0.004', 'X-Home-Region': 'us1', 'X-API-Domain': 'api.twilio.com', 'Strict-Transport-Security': 'max-age=31536000', 'WWW-Authenticate': 'Basic realm="Twilio API"', 'X-Cache': 'Error from cloudfront', 'Via': '1.1 20e5e2aa83ff4a4543e2155eb3872bbc.cloudfront.net (CloudFront)', 'X-Amz-Cf-Pop': 'BOG50-P2', 'X-Amz-Cf-Id': 'NEAB5-l-Po2lbd6R1ZBULJ-R_eQqVwDJaacIUgutwp6F7_lw0qdWUA==', 'X-Powered-By': 'AT-5000', 'X-Shenanigans': 'none', 'Vary': 'Origin'}
2026-05-01 11:57:32,071 - ERROR - Error sending WhatsApp: 
[31m[49mHTTP Error[0m [37m[49mYour request was:[0m

[36m[49mPOST /Accounts/YOUR_TWILIO_SID_HERE/Messages.json[0m

[37m[49mTwilio returned the following information:[0m

[34m[49mUnable to create record: Authentication Error - invalid username[0m

[37m[49mMore information may be available here:[0m

[34m[49mhttps://www.twilio.com/docs/errors/20003[0m


2026-05-01 12:40:17,094 - INFO - ntfy alert sent successfully
2026-05-01 12:42:40,128 - WARNING - No events found
2026-05-01 12:42:40,411 - INFO - ntfy alert sent successfully
2026-05-01 12:54:54,931 - INFO - Monitor stopped by user
